RAM Allocation [bytes]
Variable                                                                          Address   Size
------------------------------------------------------------------------------------------------
display_buffer                                                                    0x0160      20
dummy                                                                             0x0174       2
dummy2                                                                            0x0176       2
process_value                                                                     0x0178      16
gen                                                                               0x0188      16
os                                                                                0x0198      16
skip                                                                              0x01A8      16
rlow                                                                              0x01B8      16
rhigh                                                                             0x01C8      16
alow                                                                              0x01D8      16
ahigh                                                                             0x01E8      16
input                                                                             0x01F8      16
dp                                                                                0x0208      16
cal_zero                                                                          0x0218      16
cal_span                                                                          0x0228      16
rx_buffer                                                                         0x0238      20
rx_wr_index                                                                       0x024C       1
rx_rd_index                                                                       0x024D       1
rx_counter                                                                        0x024E       1
mbreceived_data                                                                   0x024F      10
tx_buffer                                                                         0x0259      48
tx_wr_index                                                                       0x0289       1
tx_rd_index                                                                       0x028A       1
tx_counter                                                                        0x028B       1
segment_table                                                                     0x028C      37
blink_digit                                                                       0x02B1       2
mux_scan                                                                          0x02B3       2
tsec_cnt                                                                          0x02B5       2
key_count                                                                         0x02B7       2
menu_count                                                                        0x02B9       2
item1                                                                             0x02BB       2
item2                                                                             0x02BD       2
level                                                                             0x02BF       2
ms_menu                                                                           0x02C1       8
message_menu                                                                      0x02C9      72
message_gen                                                                       0x0311      24
message_os                                                                        0x0329      64
message_skip                                                                      0x0369      64
message_rlow                                                                      0x03A9      64
message_rhigh                                                                     0x03E9      64
message_alow                                                                      0x0429      64
message_ahigh                                                                     0x0469      64
message_in                                                                        0x04A9      64
message_dp                                                                        0x04E9      64
process_error                                                                     0x0529      16
message_skuk                                                                      0x0539      16
message_inp                                                                       0x0549      72
message_baud                                                                      0x0591      32
message_cal                                                                       0x05B1      64
message_dp1                                                                       0x05F1      32
message_neg                                                                       0x0611       8
message_open                                                                      0x0619       8
table_p                                                                           0x0621      38
table_j                                                                           0x0647      30
table_k                                                                           0x0665      56
table_r                                                                           0x069D      72
table_s                                                                           0x06E5      72
table_t                                                                           0x072D      24
mb_data                                                                           0x0745     114
mb_inputdata                                                                      0x07B7      42

EEPROM Allocation [bytes]
Variable                                                                          Address   Size
------------------------------------------------------------------------------------------------
ee_gen                                                                            0x0000      16
ee_os                                                                             0x0010      16
ee_skip                                                                           0x0020      16
ee_rlow                                                                           0x0030      16
ee_rhigh                                                                          0x0040      16
ee_alow                                                                           0x0050      16
ee_ahigh                                                                          0x0060      16
ee_input                                                                          0x0070      16
ee_dp                                                                             0x0080      16
ee_cal_zero                                                                       0x0090      16
ee_cal_span                                                                       0x00A0      16

Register Allocation
Variable                                                                          Register  Size
------------------------------------------------------------------------------------------------
led_status                                                                        R4,R5        2
led_status1                                                                       R6,R7        2
display_count                                                                     R8,R9        2
display_scan_cnt                                                                  R10,R11      2
modbus_fl                                                                         R2.0      1bit
ambient_val                                                                       R12,R13      2
tc_fl                                                                             R2.1      1bit
rx_buffer_overflow                                                                R2.2      1bit
blink_flag                                                                        R2.3      1bit
blinking                                                                          R2.4      1bit
qsecfl                                                                            R2.5      1bit
tsec_fl                                                                           R2.6      1bit
hsec_fl                                                                           R2.7      1bit
key1_old                                                                          R3.0      1bit
key2_old                                                                          R3.1      1bit
key3_old                                                                          R3.2      1bit
key4_old                                                                          R3.3      1bit
menu_fl                                                                           R3.4      1bit
cal_fl                                                                            R3.5      1bit
ser_fl                                                                            R3.6      1bit
hold_fl                                                                           R3.7      1bit

FLASH Allocation [words]
Function                                                                          Address   Size
------------------------------------------------------------------------------------------------
clear_display                                                                     0x0040A      7
usart_rx_isr                                                                      0x00411     95
usart_tx_isr                                                                      0x00470     36
putchar                                                                           0x00494     39
mbreset                                                                           0x004E2     14
mb_datatransfer                                                                   0x004F0    465
mblimitcheck                                                                      0x006C1    670
check_mbreceived                                                                  0x0095F    627
set_fixed_values                                                                  0x00BD2     58
adc3421_init                                                                      0x00C0C     15
adc3421_read                                                                      0x00C1B     30
linearise_t                                                                       0x00CEC    233
linearise_tc                                                                      0x00DD5    252
linearise_420                                                                     0x00EED    113
increment_value                                                                   0x00F5E     59
decrement_value                                                                   0x00F99     62
escape_menu                                                                       0x00FD7     24
display_put                                                                       0x00FEF    508
check_set                                                                         0x011EB     55
ent_key                                                                           0x01222    625
inc_key                                                                           0x01493    500
dec_key                                                                           0x01687    438
shf_key                                                                           0x0183D     28
timer1_ovf_isr                                                                    0x01859     50
led_check                                                                         0x0188B    237
relay_logic                                                                       0x01978     17
pv_update                                                                         0x01989   1151
display_check                                                                     0x01E08    535
display_out                                                                       0x0201F    382
key_check                                                                         0x0219D     69
eeprom_transfer                                                                   0x021E2    324
tc_check                                                                          0x02326      3
init                                                                              0x02329     69
main                                                                              0x0236E    104
